---
source: packages/cw-schema/tests/basic.rs
expression: schema
---
{
  "$schema": "https://json-schema.org/draft/2020-12/schema",
  "title": "Schema",
  "oneOf": [
    {
      "type": "object",
      "properties": {
        "type": {
          "type": "string",
          "const": "v1"
        },
        "root": {
          "type": "integer",
          "format": "uint",
          "minimum": 0
        },
        "definitions": {
          "type": "array",
          "items": {
            "$ref": "#/$defs/Node"
          }
        }
      },
      "required": [
        "type",
        "root",
        "definitions"
      ]
    }
  ],
  "$defs": {
    "EnumCase": {
      "type": "object",
      "properties": {
        "description": {
          "type": [
            "string",
            "null"
          ]
        }
      },
      "oneOf": [
        {
          "type": "object",
          "properties": {
            "type": {
              "type": "string",
              "const": "unit"
            }
          },
          "required": [
            "type"
          ]
        },
        {
          "type": "object",
          "properties": {
            "type": {
              "type": "string",
              "const": "named"
            },
            "properties": {
              "type": "object",
              "additionalProperties": {
                "$ref": "#/$defs/StructProperty"
              }
            }
          },
          "required": [
            "type",
            "properties"
          ]
        },
        {
          "type": "object",
          "properties": {
            "type": {
              "type": "string",
              "const": "tuple"
            },
            "items": {
              "type": "array",
              "items": {
                "type": "integer",
                "format": "uint",
                "minimum": 0
              }
            }
          },
          "required": [
            "type",
            "items"
          ]
        }
      ]
    },
    "Node": {
      "type": "object",
      "properties": {
        "description": {
          "type": [
            "string",
            "null"
          ]
        },
        "name": {
          "type": "string"
        }
      },
      "oneOf": [
        {
          "type": "object",
          "properties": {
            "type": {
              "type": "string",
              "const": "float"
            }
          },
          "required": [
            "type"
          ]
        },
        {
          "type": "object",
          "properties": {
            "type": {
              "type": "string",
              "const": "double"
            }
          },
          "required": [
            "type"
          ]
        },
        {
          "type": "object",
          "properties": {
            "type": {
              "type": "string",
              "const": "decimal"
            },
            "precision": {
              "type": "integer",
              "format": "uint64",
              "minimum": 0
            },
            "signed": {
              "type": "boolean"
            }
          },
          "required": [
            "type",
            "precision",
            "signed"
          ]
        },
        {
          "type": "object",
          "properties": {
            "type": {
              "type": "string",
              "const": "integer"
            },
            "precision": {
              "type": "integer",
              "format": "uint64",
              "minimum": 0
            },
            "signed": {
              "type": "boolean"
            }
          },
          "required": [
            "type",
            "precision",
            "signed"
          ]
        },
        {
          "type": "object",
          "properties": {
            "type": {
              "type": "string",
              "const": "address"
            }
          },
          "required": [
            "type"
          ]
        },
        {
          "type": "object",
          "properties": {
            "type": {
              "type": "string",
              "const": "binary"
            }
          },
          "required": [
            "type"
          ]
        },
        {
          "type": "object",
          "properties": {
            "type": {
              "type": "string",
              "const": "checksum"
            }
          },
          "required": [
            "type"
          ]
        },
        {
          "type": "object",
          "properties": {
            "type": {
              "type": "string",
              "const": "hexBinary"
            }
          },
          "required": [
            "type"
          ]
        },
        {
          "type": "object",
          "properties": {
            "type": {
              "type": "string",
              "const": "timestamp"
            }
          },
          "required": [
            "type"
          ]
        },
        {
          "type": "object",
          "properties": {
            "type": {
              "type": "string",
              "const": "string"
            }
          },
          "required": [
            "type"
          ]
        },
        {
          "type": "object",
          "properties": {
            "type": {
              "type": "string",
              "const": "boolean"
            }
          },
          "required": [
            "type"
          ]
        },
        {
          "type": "object",
          "properties": {
            "type": {
              "type": "string",
              "const": "array"
            },
            "items": {
              "type": "integer",
              "format": "uint",
              "minimum": 0
            }
          },
          "required": [
            "type",
            "items"
          ]
        },
        {
          "type": "object",
          "properties": {
            "type": {
              "type": "string",
              "const": "struct"
            }
          },
          "anyOf": [
            {
              "type": "null"
            },
            {
              "type": "object",
              "properties": {
                "properties": {
                  "type": "object",
                  "additionalProperties": {
                    "$ref": "#/$defs/StructProperty"
                  }
                }
              },
              "required": [
                "properties"
              ]
            },
            {
              "type": "object",
              "properties": {
                "items": {
                  "type": "array",
                  "items": {
                    "type": "integer",
                    "format": "uint",
                    "minimum": 0
                  }
                }
              },
              "required": [
                "items"
              ]
            }
          ],
          "required": [
            "type"
          ]
        },
        {
          "type": "object",
          "properties": {
            "type": {
              "type": "string",
              "const": "tuple"
            },
            "items": {
              "type": "array",
              "items": {
                "type": "integer",
                "format": "uint",
                "minimum": 0
              }
            }
          },
          "required": [
            "type",
            "items"
          ]
        },
        {
          "type": "object",
          "properties": {
            "type": {
              "type": "string",
              "const": "enum"
            },
            "cases": {
              "type": "object",
              "additionalProperties": {
                "$ref": "#/$defs/EnumCase"
              }
            },
            "discriminator": {
              "type": [
                "string",
                "null"
              ]
            }
          },
          "required": [
            "type",
            "cases"
          ]
        },
        {
          "type": "object",
          "properties": {
            "type": {
              "type": "string",
              "const": "optional"
            },
            "inner": {
              "type": "integer",
              "format": "uint",
              "minimum": 0
            }
          },
          "required": [
            "type",
            "inner"
          ]
        },
        {
          "type": "object",
          "properties": {
            "type": {
              "type": "string",
              "const": "unit"
            }
          },
          "required": [
            "type"
          ]
        }
      ],
      "required": [
        "name"
      ]
    },
    "StructProperty": {
      "type": "object",
      "properties": {
        "description": {
          "type": [
            "string",
            "null"
          ]
        },
        "value": {
          "type": "integer",
          "format": "uint",
          "minimum": 0
        }
      },
      "required": [
        "value"
      ]
    }
  }
}
