---
source: packages/cw-schema/tests/same_name.rs
expression: schema
---
{
  "type": "v1",
  "root": 4,
  "definitions": [
    {
      "name": "usize",
      "type": "integer",
      "precision": 64,
      "signed": false
    },
    {
      "name": "Test",
      "type": "struct",
      "properties": {
        "foo": {
          "value": 0
        }
      }
    },
    {
      "name": "f32",
      "type": "float"
    },
    {
      "name": "Test",
      "type": "struct",
      "properties": {
        "bar": {
          "value": 2
        }
      }
    },
    {
      "name": "Combined",
      "type": "struct",
      "properties": {
        "module1": {
          "value": 1
        },
        "module2": {
          "value": 3
        }
      }
    }
  ]
}
