---
source: packages/cw-schema-codegen/tests/rust_tpl.rs
expression: rendered
---
// This code is @generated by cw-schema-codegen. Do not modify this manually.

#![allow(non_camel_case_types)]


    #[doc = "Empty enum"]


#[cosmwasm_schema::cw_serde]
pub enum Empty {

}
