---
source: packages/cw-schema-codegen/tests/typescript.rs
expression: output
---
// This code is @generated by cw-schema-codegen. Do not modify this manually.


import { z } from 'zod';


/**

 */

const typescript_utils_HeheheSchema = z.union([

    /**
    
     */


    z.object({ "A": z.null() }).or(z.literal("A")),


    /**
    
     */


    z.object({
      "B": z.tuple([z.string().or(z.number())])
      
        .or(z.string().or(z.number()))
      
  })

    ,


    /**
    
     */


    z.object({ "C": z.object({

        /**
        
         */

        field: z.string(),

}) }),




]);

type typescript_utils_Hehehe = z.infer<typeof typescript_utils_HeheheSchema>;

export { typescript_utils_Hehehe, typescript_utils_HeheheSchema };
