---
source: packages/cw-schema-codegen/tests/typescript.rs
expression: output
---
// This code is @generated by cw-schema-codegen. Do not modify this manually.


import { z } from 'zod';


/**

 */

const typescript_OwoSchema = 

    z.object({

        /**
        
         */

        field_1: z.string().or(z.number()),

        /**
        
         */

        field_2: z.string(),

})

;

type typescript_Owo = z.infer<typeof typescript_OwoSchema>;

export { typescript_Owo, typescript_OwoSchema };
