---
source: packages/cw-schema-codegen/tests/typescript.rs
expression: output
---
// This code is @generated by cw-schema-codegen. Do not modify this manually.


import { z } from 'zod';


/**

 */

const typescript_EmptySchema = z.union([



never;

]);

type typescript_Empty = z.infer<typeof typescript_EmptySchema>;

export { typescript_Empty, typescript_EmptySchema };
