---
source: packages/cw-schema-codegen/tests/typescript.rs
expression: output
---
// This code is @generated by cw-schema-codegen. Do not modify this manually.


import { z } from 'zod';


/**

 */

const typescript_UwuSchema = 

    z.tuple([z.string(), z.string().or(z.number())])
    

;

type typescript_Uwu = z.infer<typeof typescript_UwuSchema>;

export { typescript_Uwu, typescript_UwuSchema };
