---
source: packages/cw-schema-codegen/tests/typescript.rs
expression: output
---
// This code is @generated by cw-schema-codegen. Do not modify this manually.


import { z } from 'zod';


/**

 */

const typescript_ÒwóSchema = 

    z.null()

;

type typescript_Òwó = z.infer<typeof typescript_ÒwóSchema>;

export { typescript_Òwó, typescript_ÒwóSchema };
